[1/5] cd /home/me20/esp/newEcho/build/esp-idf/esptool_py && /home/me20/.espressif/python_env/idf4.4_py3.8_env/bin/python /home/me20/esp/esp-idf/components/partition_table/check_sizes.py --offset 0x8000 partition --type app /home/me20/esp/newEcho/build/partition_table/partition-table.bin /home/me20/esp/newEcho/build/newEcho.bin
newEcho.bin binary size 0x32620 bytes. Smallest app partition is 0x100000 bytes. 0xcd9e0 bytes (80%) free.
[2/5] Performing build step for 'bootloader'
[1/1] cd /home/me20/esp/newEcho/build/bootloader/esp-idf/esptool_py && /home/me20/.espressif/python_env/idf4.4_py3.8_env/bin/python /home/me20/esp/esp-idf/components/partition_table/check_sizes.py --offset 0x8000 bootloader 0x1000 /home/me20/esp/newEcho/build/bootloader/bootloader.bin
Bootloader binary size 0x62c0 bytes. 0xd40 bytes (12%) free.
[2/3] cd /home/me20/esp/esp-idf/components/esptool_py && /home/me20/.espressif/tools/cmake/3.20.3/bin/cmake -D IDF_PATH="/home/me20/esp/esp-idf" -D SERIAL_TOOL="/home/me20/.espressif/python_env/idf4.4_py3.8_env/bin/python /home/me20/esp/esp-idf/components/esptool_py/esptool/esptool.py --chip esp32" -D SERIAL_TOOL_ARGS="--before=default_reset --after=hard_reset write_flash @flash_args" -D WORKING_DIRECTORY="/home/me20/esp/newEcho/build" -P /home/me20/esp/esp-idf/components/esptool_py/run_serial_tool.cmake
esptool.py esp32 -p /dev/ttyUSB0 -b 460800 --before=default_reset --after=hard_reset write_flash --flash_mode dio --flash_freq 40m --flash_size 2MB 0x1000 bootloader/bootloader.bin 0x10000 newEcho.bin 0x8000 partition_table/partition-table.bin
esptool.py v3.2-dev
Serial port /dev/ttyUSB0
Connecting....
Chip is ESP32-D0WDQ6 (revision 1)
Features: WiFi, BT, Dual Core, 240MHz, VRef calibration in efuse, Coding Scheme None
Crystal is 40MHz
MAC: 9c:9c:1f:ca:e3:4c
Uploading stub...
Running stub...
Stub running...
Changing baud rate to 460800
Changed.
Configuring flash size...
Flash will be erased from 0x00001000 to 0x00007fff...
Flash will be erased from 0x00010000 to 0x00042fff...
Flash will be erased from 0x00008000 to 0x00008fff...
Compressed 25280 bytes to 15792...
Writing at 0x00001000... (100 %)
Wrote 25280 bytes (15792 compressed) at 0x00001000 in 1.1 seconds (effective 192.4 kbit/s)...
Hash of data verified.
Compressed 206368 bytes to 107362...
Writing at 0x00010000... (14 %)
Writing at 0x0001c82f... (28 %)
Writing at 0x000220ed... (42 %)
Writing at 0x00028526... (57 %)
Writing at 0x0002f034... (71 %)
Writing at 0x00039578... (85 %)
Writing at 0x0003f09f... (100 %)
Wrote 206368 bytes (107362 compressed) at 0x00010000 in 2.9 seconds (effective 578.9 kbit/s)...
Hash of data verified.
Compressed 3072 bytes to 103...
Writing at 0x00008000... (100 %)
Wrote 3072 bytes (103 compressed) at 0x00008000 in 0.1 seconds (effective 223.1 kbit/s)...
Hash of data verified.

Leaving...
Hard resetting via RTS pin...
 dynamic allocation:[0m
[0;32mI (ú[0;32mI (12) boot: ESP-IDF v4.4-dirty 2nd stage bootloader[0m
[0;32mI (13) boot: compile time 18:22:05[0m
[0;32mI (13) boot: chip revision: 1[0m
[0;32mI (15) boot_comm: chip revision: 1, min. bootloader chip revision: 0[0m
[0;32mI (22) boot.esp32: SPI Speed      : 40MHz[0m
[0;32mI (26) boot.esp32: SPI Mode       : DIO[0m
[0;32mI (31) boot.esp32: SPI Flash Size : 2MB[0m
[0;32mI (35) boot: Enabling RNG early entropy source...[0m
[0;32mI (41) boot: Partition Table:[0m
[0;32mI (44) boot: ## Label            Usage          Type ST Offset   Length[0m
[0;32mI (52) boot:  0 nvs              WiFi data        01 02 00009000 00006000[0m
[0;32mI (59) boot:  1 phy_init         RF data          01 01 0000f000 00001000[0m
[0;32mI (67) boot:  2 factory          factory app      00 00 00010000 00100000[0m
[0;32mI (74) boot: End of partition table[0m
[0;32mI (78) boot_comm: chip revision: 1, min. application chip revision: 0[0m
[0;32mI (85) esp_image: segment 0: paddr=00010020 vaddr=3f400020 size=09ba4h ( 39844) map[0m
[0;32mI (108) esp_image: segment 1: paddr=00019bcc vaddr=3ffb0000 size=023a4h (  9124) load[0m
[0;32mI (112) esp_image: segment 2: paddr=0001bf78 vaddr=40080000 size=040a0h ( 16544) load[0m
[0;32mI (121) esp_image: segment 3: paddr=00020020 vaddr=400d0020 size=1a030h (106544) map[0m
[0;32mI (161) esp_image: segment 4: paddr=0003a058 vaddr=400840a0 size=0858ch ( 34188) load[0m
[0;32mI (175) esp_image: segment 5: paddr=000425ec vaddr=50000000 size=00010h (    16) load[0m
[0;32mI (182) boot: Loaded app from partition at offset 0x10000[0m
[0;32mI (182) boot: Disabling RNG early entropy source...[0m
[0;32mI (196) cpu_start: Pro cpu up.[0m
[0;32mI (196) cpu_start: Starting app cpu, entry point is 0x40081104[0m
[0;32mI (0) cpu_start: App cpu up.[0m
[0;32mI (210) cpu_start: Pro cpu start user code[0m
[0;32mI (210) cpu_start: cpu freq: 240000000[0m
[0;32mI (210) cpu_start: Application information:[0m
[0;32mI (214) cpu_start: Project name:     newEcho[0m
[0;32mI (219) cpu_start: App version:      105799b-dirty[0m
[0;32mI (225) cpu_start: Compile time:     Apr  4 2022 18:22:23[0m
[0;32mI (231) cpu_start: ELF file SHA256:  fd09e591590bc938...[0m
[0;32mI (237) cpu_start: ESP-IDF:          v4.4-dirty[0m
[0;32mI (242) heap_init: Initializing. RAM available for dynamic allocation:[0m
[0;32mI (249) heap_init: At 3FFAE6E0 len 00001920 (6 KiB): DRAM[0m
[0;32mI (255) heap_init: At 3FFB2D50 len 0002D2B0 (180 KiB): DRAM[0m
[0;32mI (262) heap_init: At 3FFE0440 len 00003AE0 (14 KiB): D/IRAM[0m
[0;32mI (268) heap_init: At 3FFE4350 len 0001BCB0 (111 KiB): D/IRAM[0m
[0;32mI (274) heap_init: At 4008C62C len 000139D4 (78 KiB): IRAM[0m
[0;32mI (282) spi_flash: detected chip: generic[0m
[0;32mI (285) spi_flash: flash io: dio[0m
[0;33mW (289) spi_flash: Detected size(4096k) larger than the size in the binary image header(2048k). Using the size in the binary image header.[0m
[0;32mI (303) cpu_start: Starting scheduler on PRO CPU.[0m
[0;32mI (0) cpu_start: Starting scheduler on APP CPU.[0m
[0;32mI (20) rmt_tests: >> runRmt[0m
[0;32mI (20) gpio: GPIO[35]| InputEn: 0| OutputEn: 0| OpenDrain: 0| Pullup: 0| Pulldown: 0| Intr:0 [0m
[0;32mI (20) ADC: adc_pattern[0].atten is :0[0m
[0;32mI (30) ADC: adc_pattern[0].channel is :7[0m
[0;32mI (40) ADC: adc_pattern[0].unit is :0[0m
TIMES=1024  sample_freq_hz= 2000000
[0;32mI (40) TASK:: >>> START[0m
[0;32mI (40) TASK:: ret is 103, ret_num is 1024[0m
[0;32mI (70) TASK:: >>> END[0m
[0;32mI (380) gpio: GPIO[35]| InputEn: 0| OutputEn: 0| OpenDrain: 0| Pullup: 0| Pulldown: 0| Intr:0 [0m
[0;32mI (380) ADC: adc_pattern[0].atten is :0[0m
[0;32mI (380) ADC: adc_pattern[0].channel is :7[0m
[0;32mI (390) ADC: adc_pattern[0].unit is :0[0m
TIMES=1024  sample_freq_hz= 2000000
[0;32mI (400) TASK:: >>> START[0m
[0;32mI (400) TASK:: ret is 0, ret_num is 1024[0m
[0;32mI (420) TASK:: >>> END[0m
[0;32mI (730) gpio: GPIO[35]| InputEn: 0| OutputEn: 0| OpenDrain: 0| Pullup: 0| Pulldown: 0| Intr:0 [0m
[0;32mI (730) ADC: adc_pattern[0].atten is :0[0m
[0;32mI (730) ADC: adc_pattern[0].channel is :7[0m
[0;32mI (740) ADC: adc_pattern[0].unit is :0[0m
TIMES=1024  sample_freq_hz= 2000000
[0;32mI (750) TASK:: >>> START[0m
[0;32mI (750) TASK:: ret is 0, ret_num is 1024[0m
[0;32mI (770) TASK:: >>> END[0m
[0;32mI (1080) gpio: GPIO[35]| InputEn: 0| OutputEn: 0| OpenDrain: 0| Pullup: 0| Pulldown: 0| Intr:0 [0m
[0;32mI (1080) ADC: adc_pattern[0].atten is :0[0m
[0;32mI (1080) ADC: adc_pattern[0].channel is :7[0m
[0;32mI (1090) ADC: adc_pattern[0].unit is :0[0m
TIMES=1024  sample_freq_hz= 2000000
[0;32mI (1100) TASK:: >>> START[0m
[0;32mI (1100) TASK:: ret is 0, ret_num is 1024[0m
[0;32mI (1120) TASK:: >>> END[0m
[0;33m--- idf_monitor on /dev/ttyUSB0 115200 ---[0m
[0;33m--- Quit: Ctrl+] | Menu: Ctrl+T | Help: Ctrl+T followed by Ctrl+H ---[0m
[0;33m0x40081104: call_start_cpu1 at /home/me20/esp/esp-idf/components/esp_system/port/cpu_start.c:156
[0m
[0m
Executing action: flash
Running ninja in directory /home/me20/esp/newEcho/build
Executing "ninja flash"...
Executing action: monitor
Running idf_monitor in directory /home/me20/esp/newEcho
Executing "/home/me20/.espressif/python_env/idf4.4_py3.8_env/bin/python /home/me20/esp/esp-idf/tools/idf_monitor.py -p /dev/ttyUSB0 -b 115200 --toolchain-prefix xtensa-esp32-elf- --target esp32 --revision 0 /home/me20/esp/newEcho/build/newEcho.elf -m '/home/me20/.espressif/python_env/idf4.4_py3.8_env/bin/python' '/home/me20/esp/esp-idf/tools/idf.py' '-p' '/dev/ttyUSB0'"...
Done
